// Jest Snapshot v1, https://goo.gl/fbAQLP

exports[`Form should render the form correctly 1`] = `
Object {
  "asFragment": [Function],
  "baseElement": <body>
    <div>
      <form>
        <div>
          <h1 />
          <label
            for="username"
          >
            Username
          </label>
          <input
            id="username"
            value=""
          />
        </div>
        <div>
          <label
            for="password"
          >
            Password
          </label>
          <input
            id="password"
            value=""
          />
        </div>
        <button
          type="submit"
        >
          Submit
        </button>
      </form>
    </div>
  </body>,
  "container": <div>
    <form>
      <div>
        <h1 />
        <label
          for="username"
        >
          Username
        </label>
        <input
          id="username"
          value=""
        />
      </div>
      <div>
        <label
          for="password"
        >
          Password
        </label>
        <input
          id="password"
          value=""
        />
      </div>
      <button
        type="submit"
      >
        Submit
      </button>
    </form>
  </div>,
  "debug": [Function],
  "findAllByAltText": [Function],
  "findAllByDisplayValue": [Function],
  "findAllByLabelText": [Function],
  "findAllByPlaceholderText": [Function],
  "findAllByRole": [Function],
  "findAllByTestId": [Function],
  "findAllByText": [Function],
  "findAllByTitle": [Function],
  "findByAltText": [Function],
  "findByDisplayValue": [Function],
  "findByLabelText": [Function],
  "findByPlaceholderText": [Function],
  "findByRole": [Function],
  "findByTestId": [Function],
  "findByText": [Function],
  "findByTitle": [Function],
  "getAllByAltText": [Function],
  "getAllByDisplayValue": [Function],
  "getAllByLabelText": [Function],
  "getAllByPlaceholderText": [Function],
  "getAllByRole": [Function],
  "getAllByTestId": [Function],
  "getAllByText": [Function],
  "getAllByTitle": [Function],
  "getByAltText": [Function],
  "getByDisplayValue": [Function],
  "getByLabelText": [Function],
  "getByPlaceholderText": [Function],
  "getByRole": [Function],
  "getByTestId": [Function],
  "getByText": [Function],
  "getByTitle": [Function],
  "queryAllByAltText": [Function],
  "queryAllByDisplayValue": [Function],
  "queryAllByLabelText": [Function],
  "queryAllByPlaceholderText": [Function],
  "queryAllByRole": [Function],
  "queryAllByTestId": [Function],
  "queryAllByText": [Function],
  "queryAllByTitle": [Function],
  "queryByAltText": [Function],
  "queryByDisplayValue": [Function],
  "queryByLabelText": [Function],
  "queryByPlaceholderText": [Function],
  "queryByRole": [Function],
  "queryByTestId": [Function],
  "queryByText": [Function],
  "queryByTitle": [Function],
  "rerender": [Function],
  "unmount": [Function],
}
`;
